C51 COMPILER V9.59.0.0   INTERRUPT                                                         03/22/2020 19:56:24 PAGE 1   


C51 COMPILER V9.59.0.0, COMPILATION OF MODULE INTERRUPT
OBJECT MODULE PLACED IN .\Objects\interrupt.obj
COMPILER INVOKED BY: C:\Keil_v5\C51\BIN\C51.EXE interrupt.c OPTIMIZE(8,SPEED) BROWSE MODP2 DEBUG OBJECTEXTEND PRINT(.\Li
                    -stings\interrupt.lst) OBJECT(.\Objects\interrupt.obj)

line level    source

   1          #include "pindef.h"
   2          
   3          
   4          void INT0_ISR(void) interrupt 0
   5          {
   6   1              Led_Blue=~Led_Blue;
   7   1      }


MODULE INFORMATION:   STATIC OVERLAYABLE
   CODE SIZE        =      3    ----
   CONSTANT SIZE    =   ----    ----
   XDATA SIZE       =   ----    ----
   PDATA SIZE       =   ----    ----
   DATA SIZE        =   ----    ----
   IDATA SIZE       =   ----    ----
   BIT SIZE         =   ----    ----
END OF MODULE INFORMATION.


C51 COMPILATION COMPLETE.  0 WARNING(S),  0 ERROR(S)
